C51 COMPILER V9.60.0.0   LAB3                                                              04/25/2023 00:13:44 PAGE 1   


C51 COMPILER V9.60.0.0, COMPILATION OF MODULE LAB3
OBJECT MODULE PLACED IN .\Objects\LAB3.obj
COMPILER INVOKED BY: E:\Keil C\C51\BIN\C51.EXE LAB3.C OPTIMIZE(8,SPEED) BROWSE DEBUG OBJECTEXTEND PRINT(.\Listings\LAB3.
                    -lst) TABS(2) OBJECT(.\Objects\LAB3.obj)

line level    source

*** WARNING C500 IN LINE 1 OF LAB3.C: LICENSE ERROR (R207(3): REGISTRY READ ERROR)

   1          #include <REGX52.H>
   2          int so[12] = {0XC0, 0XF9, 0XA4, 0XB0, 0X99, 0X92, 0X82, 0XF8, 0X80, 0X90, 0X88, 0XC7};
   3          int giay = 0;
   4          int khac = 0;
   5          unsigned int count = 0;
   6          void delay(unsigned int i)
   7          {
   8   1        while (i>0)
   9   1        {
  10   2          i--;
  11   2        }
  12   1      }
  13          void Interrupt_Timer0()
  14          {
  15   1        TMOD = 0X01;
  16   1        TH0 = 0XFC;
  17   1        TL0 = 0X18;
  18   1        ET0 = 1;
  19   1        EA = 1;
  20   1        TR0 = 1;
  21   1      }
  22          void clock() interrupt 1
  23          {
  24   1          count++;
  25   1          if (10 == count)
  26   1          {
  27   2            khac++;
  28   2            if(khac > 99)
  29   2            {
  30   3              giay++;
  31   3              khac = 0;
  32   3              if (giay > 99)
  33   3              {
  34   4                giay = 0;
  35   4              }
  36   3            }
  37   2            count = 0;
  38   2          }
  39   1          TH0 = 0XFC;
  40   1          TL0 = 0X18;
  41   1      }
  42          void hienthi()
  43          {
  44   1        int digit;
  45   1          digit = giay/10;
  46   1          P0 = so[digit];
  47   1          P2_0 = 1;
  48   1          delay(100);
  49   1          P2_0 = 0;
  50   1          digit = giay%10;
  51   1          P0 = so[digit];
  52   1          P0_7 =0;
  53   1          P2_1 = 1;
C51 COMPILER V9.60.0.0   LAB3                                                              04/25/2023 00:13:44 PAGE 2   

  54   1          delay(100);
  55   1          P2_1 = 0;
  56   1          P0_7 = 1;
  57   1          
  58   1          digit = khac/10;
  59   1          P0 = so[digit];
  60   1          P2_2 = 1;
  61   1          delay(100);
  62   1          P2_2 = 0;
  63   1          digit = khac%10;
  64   1          P0 = so[digit];
  65   1          P0_7 = 0;
  66   1          P2_3 = 1;
  67   1          delay(100);
  68   1          P2_3 = 0;
  69   1          P0_7 = 1;
  70   1      }
  71          void main()
  72          {
  73   1        Interrupt_Timer0();
  74   1        while(1)
  75   1        {
  76   2          hienthi();
  77   2        }
  78   1      }


MODULE INFORMATION:   STATIC OVERLAYABLE
   CODE SIZE        =    251    ----
   CONSTANT SIZE    =   ----    ----
   XDATA SIZE       =   ----    ----
   PDATA SIZE       =   ----    ----
   DATA SIZE        =     30    ----
   IDATA SIZE       =   ----    ----
   BIT SIZE         =   ----    ----
END OF MODULE INFORMATION.


C51 COMPILATION COMPLETE.  1 WARNING(S),  0 ERROR(S)
